2026-04-16 16:08:41 | PERGUNTA: Quais os 5 produtos mais vendidos em 2021? | RESPOSTA: **Top 5 Produtos Mais Vendidos em 2021:**

1. **Macbook Air i5, 8GB, 512GB SSD** - 784 unidades vendidas
   - Receita to | ITER: 2 | TOOLS: sql_query
2026-04-16 16:10:25 | PERGUNTA: Gere um gráfico de faturamento por categoria | RESPOSTA: Aqui está o gráfico de faturamento por categoria. Vou analisar os principais insights:

## Análise do Gráfico de Faturam | ITER: 2 | TOOLS: gerar_grafico
2026-04-16 16:12:28 | PERGUNTA: Qual a previsão de demanda para o produto 1010? | RESPOSTA: ## Previsão de Demanda para o Produto 1010 (iPhone 11)

### Previsões Disponíveis:
A tabela de previsão_demanda contém p | ITER: 4 | TOOLS: sql_query, sql_query, sql_query
2026-04-16 16:16:40 | PERGUNTA: Quais os 10 clientes que mais compraram em valor total? Mostre nome, cidade, UF e total gasto. | RESPOSTA: ## Top 10 Clientes por Valor Total Gasto

### Ranking dos Maiores Compradores:

1. **Jonathan Jackson** - Campo Grande/M | ITER: 2 | TOOLS: sql_query
2026-04-16 16:28:05 | PERGUNTA: Quais os 5 produtos mais vendidos em 2021? | RESPOSTA: Aqui estão os 5 produtos mais vendidos em 2021:

**Tabela dos 5 produtos mais vendidos em 2021:**

| Descrição do Produt | ITER: 2 | TOOLS: sql_query
2026-04-16 16:32:17 | PERGUNTA: Quais os 5 produtos mais vendidos em 2021? | RESPOSTA: **Top 5 Produtos Mais Vendidos em 2021:**

| # | Produto | Quantidade Vendida | Receita Total | Pedidos Únicos | Preço M | ITER: 2 | TOOLS: sql_query
2026-04-16 16:36:53 | PERGUNTA: Quais os 5 produtos mais vendidos em 2021? | RESPOSTA: **Top 5 Produtos Mais Vendidos em 2021:**

| # | Produto | Quantidade Vendida | Receita Total | Pedidos Únicos | Preço M | ITER: 2 | TOOLS: sql_query
2026-04-16 16:45:09 | PERGUNTA: Quais os 5 produtos mais vendidos em 2021? | RESPOSTA: **Top 5 Produtos Mais Vendidos em 2021:**

1. **Macbook Air i5, 8GB, 512GB SSD** - 784 unidades vendidas
   - Receita: R | ITER: 2 | TOOLS: sql_query
2026-04-16 16:48:13 | PERGUNTA: Quais os 5 produtos mais vendidos em 2021? | RESPOSTA: **Top 5 Produtos Mais Vendidos em 2021:**

| # | Produto | Quantidade Vendida | Receita Total | Pedidos Únicos | Preço M | ITER: 2 | TOOLS: sql_query
2026-04-16 17:12:38 | PERGUNTA: Quais os 5 produtos mais vendidos em 2021? | RESPOSTA: **Top 5 Produtos Mais Vendidos em 2021:**

| # | Produto                              | Quantidade | Receita Total     | | ITER: 2 | TOOLS: sql_query
2026-04-16 17:19:07 | PERGUNTA: Quais os 5 produtos mais vendidos em 2021? | RESPOSTA: **Resultado da Consulta:**

| Descricao_Produto                      | Total_Vendido | Receita_Total | Pedidos_Unicos |
 | ITER: 2 | TOOLS: sql_query
2026-04-16 17:30:28 | PERGUNTA: Quais os 5 produtos mais vendidos em 2021? | RESPOSTA: | Descricao_Produto                      | Total_Vendido | Receita_Total | Pedidos_Unicos |
|:-------------------------- | ITER: 2 | TOOLS: sql_query
2026-04-16 20:24:30 | PERGUNTA: Quais os 5 produtos mais vendidos em 2021? | RESPOSTA: <<<INICIO_TABELA_RESULTADO>>>
| Descricao_Produto                      | Total_Vendido | Receita_Total | Pedidos_Unicos  | ITER: 2 | TOOLS: sql_query
2026-04-16 20:25:59 | PERGUNTA: Qual o faturamento por canal em cada ano? | RESPOSTA: ![Gráfico de Faturamento por Canal em Cada Ano](attachment:grafico.png)

**Principais Insights:**

1. **Crescimento Gera | ITER: 2 | TOOLS: gerar_grafico
2026-04-16 20:26:38 | PERGUNTA: Gere um gráfico de faturamento por categoria | RESPOSTA: ![Gráfico de Faturamento por Categoria](sandbox:/mnt/data/grafico.png)

**Principais Insights:**

1. **Categoria Dominan | ITER: 2 | TOOLS: gerar_grafico
2026-04-16 20:27:45 | PERGUNTA: Quais os 10 clientes com maior valor total? | RESPOSTA: **Top 10 Clientes por Valor Total de Compras:**

<<<INICIO_TABELA_RESULTADO>>>
| ID_Cliente | Nome             | Email   | ITER: 2 | TOOLS: sql_query
2026-04-17 04:36:57 | PERGUNTA: Quais os 5 produtos mais vendidos em 2021? | RESPOSTA: **Top 5 Produtos Mais Vendidos em 2021:**

1. **Macbook Air i5. 8GB. 512GB SSD** - 784 unidades vendidas
   - Receita to | ITER: 2 | TOOLS: sql_query
2026-04-17 04:37:57 | PERGUNTA: Qual o faturamento por canal em cada ano? | RESPOSTA: Aqui está a análise do faturamento por canal em cada ano:

## **Principais Insights:**

1. **Crescimento Geral**: Todos  | ITER: 2 | TOOLS: gerar_grafico
2026-04-17 04:40:28 | PERGUNTA: Quais os 5 produtos mais vendidos em 2021? | RESPOSTA: **Top 5 Produtos Mais Vendidos em 2021:**

| Descricao_Produto | Total_Vendido | Receita_Total | Pedidos_Unicos | Preco_ | ITER: 2 | TOOLS: sql_query
2026-04-17 04:41:03 | PERGUNTA: Qual o faturamento por canal em cada ano? | RESPOSTA: ![Gráfico de Faturamento por Canal em Cada Ano](attachment:grafico.png)

**Principais Insights:**

1. **Canal Dominante* | ITER: 2 | TOOLS: gerar_grafico
2026-04-17 04:42:04 | PERGUNTA: Quais os 10 clientes com maior valor total? | RESPOSTA: **Top 10 Clientes por Valor Total de Compras:**

| ID_Cliente | Nome | Email | Estado_Civil | Genero | Educacao | Cidade | ITER: 2 | TOOLS: sql_query
2026-04-17 04:43:05 | PERGUNTA: Gere um gráfico de faturamento por categoria | RESPOSTA: Aqui está o gráfico de faturamento por categoria:

![Gráfico de Faturamento por Categoria](attachment:grafico.png)

**Pr | ITER: 2 | TOOLS: gerar_grafico
2026-04-17 09:48:41 | PERGUNTA: Gere um gráfico de faturamento por categoria | RESPOSTA: Aqui está o gráfico de faturamento por categoria:

![Gráfico de Faturamento por Categoria](attachment:grafico.png)

**Pr | ITER: 2 | TOOLS: gerar_grafico
2026-04-17 09:49:46 | PERGUNTA: Quais os 10 clientes com maior valor total? | RESPOSTA: **Top 10 Clientes com Maior Valor Total de Compras:**

| ID_Cliente | Nome | Email | Estado_Civil | Genero | Educacao |  | ITER: 2 | TOOLS: sql_query
2026-04-17 09:51:35 | PERGUNTA: Quais os 10 clientes com maior valor total. Só mostre o Nome, Email, Cidade e o valor total | RESPOSTA: **Top 10 Clientes com Maior Valor Total:**

| Nome | Email | Cidade | Valor_Total |
|:---|:---|:---|:---|
| Jonathan Jac | ITER: 2 | TOOLS: sql_query
